[RUN] C:\repos\windpower\simulation\.venv\Scripts\python.exe -m pytest simulation/tests/simtests -v --tb=short --color=yes -m simtest -k test_ground_liftoff -v --tb=line

[1m============================= test session starts =============================[0m
platform win32 -- Python 3.14.3, pytest-9.0.2, pluggy-1.6.0 -- C:\repos\windpower\simulation\.venv\Scripts\python.exe
cachedir: .pytest_cache
rootdir: C:\repos\windpower\simulation
configfile: pytest.ini
plugins: timeout-2.4.0
timeout: 600.0s
timeout method: thread
timeout func_only: False
[1mcollecting ... [0mcollected 30 items / 29 deselected / 1 selected

simulation\tests\simtests\test_ground_liftoff.py::test_ground_liftoff [32mPASSED[0m[32m [100%][0m

[32m====================== [32m[1m1 passed[0m, [33m29 deselected[0m[32m in 50.51s[0m[32m ======================[0m
